// Jest Snapshot v1, https://goo.gl/fbAQLP

exports[`metricsSlice reducer should handle asset 1`] = `
Object {
  "data": Object {
    "value": 10,
  },
}
`;
